2026-02-01 10:47:56.638 T:61280   debug <general>: Thread LanguageInvoker start, auto delete: false
2026-02-01 10:47:56.638 T:27828   debug <general>: CServiceAddonManager: starting script.transmission
2026-02-01 10:47:56.638 T:61280   debug <general>: initializing python script
2026-02-01 10:47:56.638 T:61280   debug <general>: CPythonInvoker(35, C:\Users\windo\AppData\Roaming\Kodi\addons\script.trakt\default.py): start processing
2026-02-01 10:47:56.639 T:52932   debug <general>: Thread LanguageInvoker start, auto delete: false
2026-02-01 10:47:56.639 T:27828   debug <general>: CServiceAddonManager: starting script.tubecast
2026-02-01 10:47:56.639 T:52932   debug <general>: initializing python script
2026-02-01 10:47:56.639 T:52932   debug <general>: CPythonInvoker(36, C:\Users\windo\AppData\Roaming\Kodi\addons\script.transmission\player.py): start processing
2026-02-01 10:47:56.639 T:53580   debug <general>: Thread LanguageInvoker start, auto delete: false
2026-02-01 10:47:56.639 T:27828   debug <general>: CServiceAddonManager: starting script.tvmaze.integration
2026-02-01 10:47:56.639 T:53580   debug <general>: initializing python script
2026-02-01 10:47:56.639 T:53580   debug <general>: CPythonInvoker(37, C:\Users\windo\AppData\Roaming\Kodi\addons\script.tubecast\main.py): start processing
2026-02-01 10:47:56.639 T:56084   debug <general>: Thread LanguageInvoker start, auto delete: false
2026-02-01 10:47:56.639 T:27828   debug <general>: CServiceAddonManager: starting script.tvmaze.scrobbler
2026-02-01 10:47:56.639 T:56084   debug <general>: initializing python script
2026-02-01 10:47:56.639 T:56084   debug <general>: CPythonInvoker(38, C:\Users\windo\AppData\Roaming\Kodi\addons\script.tvmaze.integration\service.py): start processing
2026-02-01 10:47:56.639 T:13988   debug <general>: Thread LanguageInvoker start, auto delete: false
2026-02-01 10:47:56.639 T:27828   debug <general>: CServiceAddonManager: starting script.wellbeing
2026-02-01 10:47:56.639 T:13988   debug <general>: initializing python script
2026-02-01 10:47:56.639 T:13988   debug <general>: CPythonInvoker(39, C:\Users\windo\AppData\Roaming\Kodi\addons\script.tvmaze.scrobbler\service.py): start processing
2026-02-01 10:47:56.639 T:60456   debug <general>: Thread LanguageInvoker start, auto delete: false
2026-02-01 10:47:56.639 T:27828   debug <general>: CServiceAddonManager: starting script.xbmc.lcdproc
2026-02-01 10:47:56.640 T:60456   debug <general>: initializing python script
2026-02-01 10:47:56.640 T:60456   debug <general>: CPythonInvoker(40, C:\Users\windo\AppData\Roaming\Kodi\addons\script.wellbeing\addon.py): start processing
2026-02-01 10:47:56.640 T:56544   debug <general>: Thread LanguageInvoker start, auto delete: false
2026-02-01 10:47:56.640 T:27828   debug <general>: CServiceAddonManager: starting script.xbmc.unpausejumpback
2026-02-01 10:47:56.640 T:56544   debug <general>: initializing python script
2026-02-01 10:47:56.640 T:56544   debug <general>: CPythonInvoker(41, C:\Users\windo\AppData\Roaming\Kodi\addons\script.xbmc.lcdproc\main.py): start processing
2026-02-01 10:47:56.640 T:61224   debug <general>: Thread LanguageInvoker start, auto delete: false
2026-02-01 10:47:56.640 T:27828   debug <general>: CServiceAddonManager: starting script.xbmcbackup
2026-02-01 10:47:56.640 T:61224   debug <general>: initializing python script
2026-02-01 10:47:56.640 T:61224   debug <general>: CPythonInvoker(42, C:\Users\windo\AppData\Roaming\Kodi\addons\script.xbmc.unpausejumpback\default.py): start processing
2026-02-01 10:47:56.640 T:61244   debug <general>: Thread LanguageInvoker start, auto delete: false
2026-02-01 10:47:56.640 T:27828   debug <general>: CServiceAddonManager: starting service.autostop
2026-02-01 10:47:56.640 T:61244   debug <general>: initializing python script
2026-02-01 10:47:56.640 T:61244   debug <general>: CPythonInvoker(43, C:\Users\windo\AppData\Roaming\Kodi\addons\script.xbmcbackup\service.py): start processing
2026-02-01 10:47:56.640 T:53492   debug <general>: CAddonDatabase::GetAddons took 23 ms
2026-02-01 10:47:56.640 T:31468   debug <general>: Thread LanguageInvoker start, auto delete: false
2026-02-01 10:47:56.640 T:27828   debug <general>: CServiceAddonManager: starting service.autosubs
2026-02-01 10:47:56.640 T:31468   debug <general>: initializing python script
2026-02-01 10:47:56.640 T:31468   debug <general>: CPythonInvoker(44, C:\Users\windo\AppData\Roaming\Kodi\addons\service.autostop\service.py): start processing
2026-02-01 10:47:56.640 T:58168   debug <general>: Thread LanguageInvoker start, auto delete: false
2026-02-01 10:47:56.640 T:27828   debug <general>: CServiceAddonManager: starting service.cronxbmc
2026-02-01 10:47:56.640 T:58168   debug <general>: initializing python script
2026-02-01 10:47:56.640 T:58168   debug <general>: CPythonInvoker(45, C:\Users\windo\AppData\Roaming\Kodi\addons\service.autosubs\default.py): start processing
2026-02-01 10:47:56.640 T:56244   debug <general>: Thread LanguageInvoker start, auto delete: false
2026-02-01 10:47:56.640 T:27828   debug <general>: CServiceAddonManager: starting service.iptv.manager
2026-02-01 10:47:56.640 T:56244   debug <general>: initializing python script
2026-02-01 10:47:56.640 T:56244   debug <general>: CPythonInvoker(46, C:\Users\windo\AppData\Roaming\Kodi\addons\service.cronxbmc\service.py): start processing
2026-02-01 10:47:56.641 T:56884   debug <general>: Thread LanguageInvoker start, auto delete: false
2026-02-01 10:47:56.641 T:27828   debug <general>: CServiceAddonManager: starting service.languagepreferencemanager
2026-02-01 10:47:56.641 T:56884   debug <general>: initializing python script
2026-02-01 10:47:56.641 T:56884   debug <general>: CPythonInvoker(47, C:\Users\windo\AppData\Roaming\Kodi\addons\service.iptv.manager\service.py): start processing
2026-02-01 10:47:56.641 T:56576   debug <general>: Thread LanguageInvoker start, auto delete: false
2026-02-01 10:47:56.641 T:27828   debug <general>: CServiceAddonManager: starting service.library.data.provider
2026-02-01 10:47:56.641 T:56576   debug <general>: initializing python script
2026-02-01 10:47:56.641 T:56576   debug <general>: CPythonInvoker(48, C:\Users\windo\AppData\Roaming\Kodi\addons\service.languagepreferencemanager\default.py): start processing
2026-02-01 10:47:56.641 T:52836   debug <general>: Thread LanguageInvoker start, auto delete: false
2026-02-01 10:47:56.641 T:27828   debug <general>: CServiceAddonManager: starting service.libraryautoupdate
2026-02-01 10:47:56.641 T:52836   debug <general>: initializing python script
2026-02-01 10:47:56.641 T:52836   debug <general>: CPythonInvoker(49, C:\Users\windo\AppData\Roaming\Kodi\addons\service.library.data.provider\service.py): start processing
2026-02-01 10:47:56.641 T:45456   debug <general>: Thread LanguageInvoker start, auto delete: false
2026-02-01 10:47:56.641 T:27828   debug <general>: CServiceAddonManager: starting service.librarywatchdog
2026-02-01 10:47:56.641 T:45456   debug <general>: initializing python script
2026-02-01 10:47:56.641 T:45456   debug <general>: CPythonInvoker(50, C:\Users\windo\AppData\Roaming\Kodi\addons\service.libraryautoupdate\default.py): start processing
2026-02-01 10:47:56.641 T:57756   debug <general>: Thread LanguageInvoker start, auto delete: false
2026-02-01 10:47:56.641 T:27828   debug <general>: CServiceAddonManager: starting service.listenbrainz
2026-02-01 10:47:56.641 T:57756   debug <general>: initializing python script
2026-02-01 10:47:56.641 T:57756   debug <general>: CPythonInvoker(51, C:\Users\windo\AppData\Roaming\Kodi\addons\service.librarywatchdog\service.py): start processing
2026-02-01 10:47:56.641 T:50960   debug <general>: Thread LanguageInvoker start, auto delete: false
2026-02-01 10:47:56.641 T:27828   debug <general>: CServiceAddonManager: starting service.master.lock
2026-02-01 10:47:56.641 T:50960   debug <general>: initializing python script
2026-02-01 10:47:56.641 T:50960   debug <general>: CPythonInvoker(52, C:\Users\windo\AppData\Roaming\Kodi\addons\service.listenbrainz\listener.py): start processing
2026-02-01 10:47:56.642 T:25324   debug <general>: Thread LanguageInvoker start, auto delete: false
2026-02-01 10:47:56.642 T:27828   debug <general>: CServiceAddonManager: starting service.scrobbler.lastfm
2026-02-01 10:47:56.642 T:25324   debug <general>: initializing python script
2026-02-01 10:47:56.642 T:25324   debug <general>: CPythonInvoker(53, C:\Users\windo\AppData\Roaming\Kodi\addons\service.master.lock\service.py): start processing
2026-02-01 10:47:56.642 T:42160   debug <general>: Thread LanguageInvoker start, auto delete: false
2026-02-01 10:47:56.642 T:27828   debug <general>: CServiceAddonManager: starting service.scrobbler.librefm
2026-02-01 10:47:56.642 T:42160   debug <general>: initializing python script
2026-02-01 10:47:56.642 T:42160   debug <general>: CPythonInvoker(54, C:\Users\windo\AppData\Roaming\Kodi\addons\service.scrobbler.lastfm\default.py): start processing
2026-02-01 10:47:56.642 T:24232   debug <general>: Thread LanguageInvoker start, auto delete: false
2026-02-01 10:47:56.642 T:27828   debug <general>: CServiceAddonManager: starting service.stinger.notification
2026-02-01 10:47:56.642 T:24232   debug <general>: initializing python script
2026-02-01 10:47:56.642 T:24232   debug <general>: CPythonInvoker(55, C:\Users\windo\AppData\Roaming\Kodi\addons\service.scrobbler.librefm\default.py): start processing
2026-02-01 10:47:56.642 T:60080   debug <general>: Thread LanguageInvoker start, auto delete: false
2026-02-01 10:47:56.642 T:27828   debug <general>: CServiceAddonManager: starting service.subtitletranslator
2026-02-01 10:47:56.642 T:60080   debug <general>: initializing python script
2026-02-01 10:47:56.642 T:60080   debug <general>: CPythonInvoker(56, C:\Users\windo\AppData\Roaming\Kodi\addons\service.stinger.notification\python\service.py): start processing
2026-02-01 10:47:56.642 T:58708   debug <general>: Thread LanguageInvoker start, auto delete: false
2026-02-01 10:47:56.642 T:27828   debug <general>: CServiceAddonManager: starting service.upnext
2026-02-01 10:47:56.642 T:58708   debug <general>: initializing python script
2026-02-01 10:47:56.642 T:58708   debug <general>: CPythonInvoker(57, C:\Users\windo\AppData\Roaming\Kodi\addons\service.subtitletranslator\service.py): start processing
2026-02-01 10:47:56.642 T:58804   debug <general>: Thread LanguageInvoker start, auto delete: false
2026-02-01 10:47:56.642 T:27828   debug <general>: CServiceAddonManager: starting service.watchedlist
2026-02-01 10:47:56.642 T:58804   debug <general>: initializing python script
2026-02-01 10:47:56.642 T:58804   debug <general>: CPythonInvoker(58, C:\Users\windo\AppData\Roaming\Kodi\addons\service.upnext\resources\lib\service_entry.py): start processing
2026-02-01 10:47:56.642 T:60560   debug <general>: Thread LanguageInvoker start, auto delete: false
2026-02-01 10:47:56.643 T:27828   debug <general>: CServiceAddonManager: starting service.xbmc.versioncheck
2026-02-01 10:47:56.643 T:60560   debug <general>: initializing python script
2026-02-01 10:47:56.643 T:60560   debug <general>: CPythonInvoker(59, C:\Users\windo\AppData\Roaming\Kodi\addons\service.watchedlist\default.py): start processing
2026-02-01 10:47:56.643 T:9772    debug <general>: Thread LanguageInvoker start, auto delete: false
2026-02-01 10:47:56.643 T:27828    info <general>: initialize done
2026-02-01 10:47:56.643 T:9772    debug <general>: initializing python script
2026-02-01 10:47:56.643 T:9772    debug <general>: CPythonInvoker(60, C:\Users\windo\AppData\Roaming\Kodi\addons\service.xbmc.versioncheck\resources\lib\runner.py): start processing
2026-02-01 10:47:56.643 T:27828    info <general>: Running the application...
2026-02-01 10:47:56.643 T:53492   debug <general>: CAddonMgr::GetAvailableUpdatesOrOutdatedAddons took 27 ms
2026-02-01 10:47:56.643 T:27828   debug <general>: CNetworkBase::NetworkMessage - Starting network services
2026-02-01 10:47:56.643 T:50588   debug <general>: Thread EventServer start, auto delete: false
2026-02-01 10:47:56.643 T:50588    info <general>: ES: Starting UDP Event server on port 9777
2026-02-01 10:47:56.644 T:27828    info <general>: JSONRPC Server: Unable to bind to bluetooth socket
2026-02-01 10:47:56.644 T:50588   debug <general>: SOCKETS::CPosixUDPSocket::CheckIPv6: IPv6 socket bound successfully
2026-02-01 10:47:56.644 T:50588    info <general>: UDP: Listening on port 9777 (ipv6 : true)
2026-02-01 10:47:56.644 T:27828    info <general>: JSONRPC Server: Successfully initialized
2026-02-01 10:47:56.644 T:524     debug <general>: Thread TCPServer start, auto delete: false
2026-02-01 10:47:56.646 T:43068    info <general>: Creating PVR client: addonId=pvr.iptvsimple, instanceId=1, clientId=2
2026-02-01 10:47:56.647 T:56924   debug <general>: Thread PVRGUIProgressHandler start, auto delete: false
2026-02-01 10:47:56.647 T:43068   debug <general>: ADDON: Dll Initializing - IPTV Simple Client
2026-02-01 10:47:56.647 T:43068   debug <general>: SECTION:LoadDLL(C:\Users\windo\AppData\Roaming\Kodi\addons\pvr.iptvsimple\pvr.iptvsimple.dll)
2026-02-01 10:47:56.651 T:27828    info <CWebserver[8080]>: Started
2026-02-01 10:47:56.656 T:53492   debug <general>: CMultiPathDirectory::GetDirectory(multipath://special%3a%2f%2fprofile%2fplaylists%2fvideo/special%3a%2f%2fprofile%2fplaylists%2fmixed/)
2026-02-01 10:47:56.656 T:53492   debug <general>: Getting Directory (special://profile/playlists/video)
2026-02-01 10:47:56.656 T:53492   debug <general>: Getting Directory (special://profile/playlists/mixed)
2026-02-01 10:47:56.656 T:53492   debug <general>: CMultiPathDirectory::MergeItems, items = 0
2026-02-01 10:47:56.657 T:53492   debug <general>: CRecentlyAddedJob::UpdateMusic() - Running RecentlyAdded home screen update
2026-02-01 10:47:56.658 T:53492   debug <general>: GetRecentlyAddedAlbumSongs() query: SELECT songview.*, songartistview.* FROM (SELECT idAlbum, dateAdded FROM album ORDER BY dateAdded DESC LIMIT 10) AS recentalbums JOIN songview ON songview.idAlbum = recentalbums.idAlbum JOIN songartistview ON songview.idSong = songartistview.idSong ORDER BY recentalbums.dateAdded DESC, songview.idAlbum DESC, songview.idSong, songartistview.idRole, songartistview.iOrder 
2026-02-01 10:47:56.658 T:53492   debug <general>: CMusicDatabase::GetRecentlyAddedAlbums: query: SELECT albumview.*, albumartistview.* FROM (SELECT idAlbum FROM album WHERE strAlbum != '' ORDER BY dateAdded DESC LIMIT 10) AS recentalbums JOIN albumview ON albumview.idAlbum = recentalbums.idAlbum JOIN albumartistview ON albumview.idAlbum = albumartistview.idAlbum ORDER BY dateAdded DESC, albumview.idAlbum desc, albumartistview.iOrder 
2026-02-01 10:47:56.658 T:53492   debug <general>: CRecentlyAddedJob::UpdateVideos() - Running RecentlyAdded home screen update
2026-02-01 10:47:56.679 T:27828    info <general>: [WS-Discovery]: Daemon started successfully.
2026-02-01 10:47:56.679 T:48472    info <general>: VideoInfoScanner: Starting scan ..
2026-02-01 10:47:56.679 T:27828   debug <general>: ------ Window Init (DialogExtendedProgressBar.xml) ------
2026-02-01 10:47:56.694 T:43068    info <pvr.iptvsimple>: pvr.iptvsimple - Create starting IPTV Simple PVR client...
2026-02-01 10:47:56.695 T:43068   debug <pvr.iptvsimple>: pvr.iptvsimple - iptvsimple::utilities::FileUtils::CopyFile - Copying file: C:\Users\windo\AppData\Roaming\Kodi\addons\pvr.iptvsimple\/resources/data/genres/genreTextMappings/Rytec-UK-Ireland.xml, to special://userdata/addon_data/pvr.iptvsimple/genres/genreTextMappings/Rytec-UK-Ireland.xml
2026-02-01 10:47:56.701 T:27828   debug <general>: ------ Window Init () ------
2026-02-01 10:47:56.702 T:27828   debug <general>: ------ Window Init (Pointer.xml) ------
2026-02-01 10:47:56.703 T:53492   debug <general>: CRecentlyAddedJob::UpdateTotal() - Running RecentlyAdded home screen update
2026-02-01 10:47:56.704 T:43068   debug <pvr.iptvsimple>: pvr.iptvsimple - iptvsimple::utilities::FileUtils::CopyFile - Copying file: C:\Users\windo\AppData\Roaming\Kodi\addons\pvr.iptvsimple\/resources/data/genres/kodiDvbGenres.xml, to special://userdata/addon_data/pvr.iptvsimple/genres/kodiDvbGenres.xml
2026-02-01 10:47:56.715 T:43068   debug <pvr.iptvsimple>: pvr.iptvsimple - iptvsimple::utilities::FileUtils::CopyFile - Copying file: C:\Users\windo\AppData\Roaming\Kodi\addons\pvr.iptvsimple\/resources/data/genres/kodiDvbGenresTypeSubtype.xml, to special://userdata/addon_data/pvr.iptvsimple/genres/kodiDvbGenresTypeSubtype.xml
2026-02-01 10:47:56.726 T:43068   debug <pvr.iptvsimple>: pvr.iptvsimple - connection state change (0 -> 7)
2026-02-01 10:47:56.726 T:55672   debug <general>: Thread JobWorker start, auto delete: true
2026-02-01 10:47:56.726 T:56924   debug <general>: Thread PVRGUIProgressHandler 56924 terminating
2026-02-01 10:47:56.726 T:43068    info <general>: PVR Manager: Starting
2026-02-01 10:47:56.727 T:3868    debug <general>: Thread PVRManager start, auto delete: false
2026-02-01 10:47:56.744 T:53492    info <general>: WEATHER: Downloading weather
2026-02-01 10:47:56.744 T:44428   debug <general>: Thread LanguageInvoker start, auto delete: false
2026-02-01 10:47:56.744 T:44428   debug <general>: initializing python script
2026-02-01 10:47:56.744 T:44428   debug <general>: CPythonInvoker(61, C:\Users\windo\AppData\Roaming\Kodi\addons\weather.gismeteo\default.py): start processing
2026-02-01 10:47:56.811 T:31588    info <peripheral.joystick>: Initialized joystick 0: "TWCS Throttle", axes: 8, hats: 1, buttons: 14
2026-02-01 10:47:56.812 T:31588    info <peripheral.joystick>: Initialized joystick 1: "T.16000M", axes: 4, hats: 1, buttons: 16
2026-02-01 10:47:56.812 T:31588   debug <general>: PERIPHERALS::CPeripherals::GetMappingForDevice - device (044F:B687) mapped to joystick (type = joystick)
2026-02-01 10:47:56.812 T:31588    info <general>: Loading controller layout: C:\Program Files\Kodi\addons\game.controller.default\resources\layout.xml
2026-02-01 10:47:56.822 T:31588   debug <general>: <motor> tag has no "label" attribute
2026-02-01 10:47:56.838 T:31588   debug <peripheral.joystick>: Skipped 1 duplicate messages..
2026-02-01 10:47:56.838 T:31588   debug <peripheral.joystick>: Loaded device "7039RG" with 2 controller profiles and 37 total features
2026-02-01 10:47:56.845 T:31588   debug <peripheral.joystick>: Loaded device "Hi keyboard" with 1 controller profiles and 6 total features
2026-02-01 10:47:56.851 T:31588   debug <peripheral.joystick>: Device "Microsoft Microsoft® Nano Transceiver v2.0": can't find <controller> tag
2026-02-01 10:47:56.851 T:31588   debug <peripheral.joystick>: Loaded device "Microsoft Microsoft® Nano Transceiver v2.0" with 0 controller profiles and 0 total features
2026-02-01 10:47:56.860 T:31588   debug <peripheral.joystick>: Loaded device "NVIDIA Corporation NVIDIA Controller v01.03" with 1 controller profiles and 18 total features
2026-02-01 10:47:56.870 T:31588   debug <peripheral.joystick>: Loaded device "NVIDIA Corporation NVIDIA Controller v01.04" with 1 controller profiles and 18 total features
2026-02-01 10:47:56.880 T:31588   debug <peripheral.joystick>: Loaded device "OUYA Game Controller" with 1 controller profiles and 17 total features
2026-02-01 10:47:56.889 T:31588   debug <peripheral.joystick>: Device "shield-ask-remote": can't find <controller> tag
2026-02-01 10:47:56.889 T:31588   debug <peripheral.joystick>: Loaded device "shield-ask-remote" with 0 controller profiles and 0 total features
2026-02-01 10:47:56.896 T:31588   debug <peripheral.joystick>: Loaded device "virtual-remote" with 1 controller profiles and 1 total features
2026-02-01 10:47:56.903 T:31588   debug <peripheral.joystick>: Loaded device "virtual-remote" with 1 controller profiles and 6 total features
2026-02-01 10:47:56.910 T:31588   debug <peripheral.joystick>: Device "virtual-search": can't find <controller> tag
2026-02-01 10:47:56.910 T:31588   debug <peripheral.joystick>: Loaded device "virtual-search" with 0 controller profiles and 0 total features
2026-02-01 10:47:56.918 T:31588   debug <peripheral.joystick>: Loaded device "Xbox 360 Wireless Receiver" with 1 controller profiles and 18 total features
2026-02-01 10:47:56.934 T:31588   debug <peripheral.joystick>: Skipped 1 duplicate messages..
2026-02-01 10:47:56.934 T:31588   debug <peripheral.joystick>: Loaded device "Keyboard" with 3 controller profiles and 288 total features
2026-02-01 10:47:56.937 T:27828   debug <general>: ------ Window Deinit (DialogExtendedProgressBar.xml) ------
2026-02-01 10:47:56.943 T:31588   debug <peripheral.joystick>: Loaded device "Mouse" with 1 controller profiles and 10 total features
2026-02-01 10:47:56.951 T:31588   debug <peripheral.joystick>: Loaded device "8Bitdo Zero GamePad" with 1 controller profiles and 12 total features
2026-02-01 10:47:56.960 T:31588   debug <peripheral.joystick>: Loaded device "DUALSHOCK 4 Wireless Controller" with 1 controller profiles and 15 total features
2026-02-01 10:47:56.969 T:31588   debug <peripheral.joystick>: Loaded device "Gamepad F310" with 1 controller profiles and 19 total features
2026-02-01 10:47:56.976 T:31588   debug <peripheral.joystick>: Loaded device "GamePad Pro USB" with 1 controller profiles and 14 total features
2026-02-01 10:47:56.984 T:31588   debug <peripheral.joystick>: Loaded device "Generic   USB  Joystick" with 1 controller profiles and 11 total features
2026-02-01 10:47:56.992 T:31588   debug <peripheral.joystick>: Loaded device "Logitech Dual Action" with 1 controller profiles and 13 total features
2026-02-01 10:47:57.001 T:31588   debug <peripheral.joystick>: Loaded device "PC USB Wired Stick 8838" with 1 controller profiles and 16 total features
2026-02-01 10:47:57.010 T:31588   debug <peripheral.joystick>: Loaded device "PLAYSTATION(R)3 Controller" with 1 controller profiles and 19 total features
2026-02-01 10:47:57.017 T:31588   debug <peripheral.joystick>: Loaded device "PS(R) Ga`epad" with 1 controller profiles and 19 total features
2026-02-01 10:47:57.023 T:31588   debug <peripheral.joystick>: Loaded device "USB Gamepad" with 1 controller profiles and 12 total features
2026-02-01 10:47:57.030 T:31588   debug <peripheral.joystick>: Loaded device "usb gamepad" with 1 controller profiles and 12 total features
2026-02-01 10:47:57.037 T:31588   debug <peripheral.joystick>: Loaded device "USB GamePad" with 1 controller profiles and 12 total features
2026-02-01 10:47:57.044 T:31588   debug <peripheral.joystick>: Loaded device "usb gamepad           " with 1 controller profiles and 12 total features
2026-02-01 10:47:57.051 T:31588   debug <peripheral.joystick>: Loaded device "USB Joystick" with 1 controller profiles and 14 total features
2026-02-01 10:47:57.060 T:31588   debug <peripheral.joystick>: Loaded device "Wireless 360 Controller" with 1 controller profiles and 19 total features
2026-02-01 10:47:57.069 T:31588   debug <peripheral.joystick>: Loaded device "Wireless Controller" with 1 controller profiles and 15 total features
2026-02-01 10:47:57.078 T:31588   debug <peripheral.joystick>: Loaded device "Xbox 360 Wired Controller" with 1 controller profiles and 19 total features
2026-02-01 10:47:57.095 T:31588   debug <peripheral.joystick>: Skipped 1 duplicate messages..
2026-02-01 10:47:57.095 T:31588   debug <peripheral.joystick>: Loaded device "Xbox One Wired Controller" with 1 controller profiles and 19 total features
2026-02-01 10:47:57.104 T:31588   debug <peripheral.joystick>: Loaded device "Extended Gamepad" with 1 controller profiles and 15 total features
2026-02-01 10:47:57.112 T:31588   debug <peripheral.joystick>: Loaded device "Extended Gamepad" with 1 controller profiles and 17 total features
2026-02-01 10:47:57.114 T:39212   debug <general>: -->Python Interpreter Initialized<--
2026-02-01 10:47:57.115 T:39212   debug <general>: 
                                                   
2026-02-01 10:47:57.115 T:39212   debug <general>: CPythonInvoker(31, C:\Users\windo\AppData\Roaming\Kodi\addons\script.service.janitor\service.py): the source file to load is "C:\Users\windo\AppData\Roaming\Kodi\addons\script.service.janitor\service.py"
2026-02-01 10:47:57.115 T:39212   debug <general>: CPythonInvoker(31): full python path:
2026-02-01 10:47:57.115 T:39212   debug <general>: CPythonInvoker(31):   custom python path:
2026-02-01 10:47:57.115 T:39212   debug <general>: CPythonInvoker(31):     C:\Users\windo\AppData\Roaming\Kodi\addons\script.service.janitor
2026-02-01 10:47:57.115 T:39212   debug <general>: CPythonInvoker(31):   default python path:
2026-02-01 10:47:57.115 T:39212   debug <general>: CPythonInvoker(31):     C:\Program Files\Kodi\system\python\DLLs
2026-02-01 10:47:57.115 T:39212   debug <general>: CPythonInvoker(31):     C:\Program Files\Kodi\system\python\Lib
2026-02-01 10:47:57.115 T:39212   debug <general>: CPythonInvoker(31):     C:\Program Files\Kodi\system\python\Lib\site-packages
2026-02-01 10:47:57.115 T:39212   debug <general>: CPythonInvoker(31):     C:\Program Files\Kodi\python314.zip
2026-02-01 10:47:57.115 T:39212   debug <general>: CPythonInvoker(31):     C:\Program Files\Kodi
2026-02-01 10:47:57.115 T:39212   debug <general>: CPythonInvoker(31):     C:\Program Files\Kodi\system\python
2026-02-01 10:47:57.115 T:39212   debug <general>: CPythonInvoker(31): adding args:
2026-02-01 10:47:57.115 T:39212   debug <general>: CPythonInvoker(31):  
2026-02-01 10:47:57.115 T:39212   debug <general>: CPythonInvoker(31, C:\Users\windo\AppData\Roaming\Kodi\addons\script.service.janitor\service.py): entering source directory C:\Users\windo\AppData\Roaming\Kodi\addons\script.service.janitor
2026-02-01 10:47:57.117 T:50960   debug <general>: -->Python Interpreter Initialized<--
2026-02-01 10:47:57.117 T:50960   debug <general>: 
                                                   
2026-02-01 10:47:57.117 T:50960   debug <general>: CPythonInvoker(52, C:\Users\windo\AppData\Roaming\Kodi\addons\service.listenbrainz\listener.py): the source file to load is "C:\Users\windo\AppData\Roaming\Kodi\addons\service.listenbrainz\listener.py"
2026-02-01 10:47:57.117 T:50960   debug <general>: CPythonInvoker(52): full python path:
2026-02-01 10:47:57.117 T:50960   debug <general>: CPythonInvoker(52):   custom python path:
2026-02-01 10:47:57.117 T:50960   debug <general>: CPythonInvoker(52):     C:\Users\windo\AppData\Roaming\Kodi\addons\script.module.certifi\lib
2026-02-01 10:47:57.117 T:50960   debug <general>: CPythonInvoker(52):     C:\Users\windo\AppData\Roaming\Kodi\addons\script.module.chardet\lib
2026-02-01 10:47:57.117 T:50960   debug <general>: CPythonInvoker(52):     C:\Users\windo\AppData\Roaming\Kodi\addons\script.module.idna\lib
2026-02-01 10:47:57.117 T:50960   debug <general>: CPythonInvoker(52):     C:\Users\windo\AppData\Roaming\Kodi\addons\script.module.requests\lib
2026-02-01 10:47:57.117 T:50960   debug <general>: CPythonInvoker(52):     C:\Users\windo\AppData\Roaming\Kodi\addons\script.module.urllib3\lib
2026-02-01 10:47:57.117 T:50960   debug <general>: CPythonInvoker(52):     C:\Users\windo\AppData\Roaming\Kodi\addons\service.listenbrainz
2026-02-01 10:47:57.117 T:50960   debug <general>: CPythonInvoker(52):   default python path:
2026-02-01 10:47:57.117 T:50960   debug <general>: CPythonInvoker(52):     C:\Program Files\Kodi\system\python\DLLs
2026-02-01 10:47:57.117 T:50960   debug <general>: CPythonInvoker(52):     C:\Program Files\Kodi\system\python\Lib
2026-02-01 10:47:57.117 T:50960   debug <general>: CPythonInvoker(52):     C:\Program Files\Kodi\system\python\Lib\site-packages
2026-02-01 10:47:57.117 T:50960   debug <general>: CPythonInvoker(52):     C:\Program Files\Kodi\python314.zip
2026-02-01 10:47:57.117 T:50960   debug <general>: CPythonInvoker(52):     C:\Program Files\Kodi
2026-02-01 10:47:57.117 T:50960   debug <general>: CPythonInvoker(52):     C:\Program Files\Kodi\system\python
2026-02-01 10:47:57.117 T:50960   debug <general>: CPythonInvoker(52): adding args:
2026-02-01 10:47:57.117 T:50960   debug <general>: CPythonInvoker(52):  
2026-02-01 10:47:57.117 T:50960   debug <general>: CPythonInvoker(52, C:\Users\windo\AppData\Roaming\Kodi\addons\service.listenbrainz\listener.py): entering source directory C:\Users\windo\AppData\Roaming\Kodi\addons\service.listenbrainz
2026-02-01 10:47:57.120 T:31588   debug <peripheral.joystick>: Loaded device "Extended Gamepad" with 1 controller profiles and 18 total features
2026-02-01 10:47:57.121 T:39212   debug <general>: CPythonInvoker(31, C:\Users\windo\AppData\Roaming\Kodi\addons\script.service.janitor\service.py): instantiating addon using automatically obtained id of "script.service.janitor" dependent on version 3.0.0 of the xbmc.python api
2026-02-01 10:47:57.126 T:22976   debug <general>: -->Python Interpreter Initialized<--
2026-02-01 10:47:57.126 T:22976   debug <general>: 
                                                   
2026-02-01 10:47:57.126 T:22976   debug <general>: CPythonInvoker(3, C:\Users\windo\AppData\Roaming\Kodi\addons\plugin.onedrive\service.py): the source file to load is "C:\Users\windo\AppData\Roaming\Kodi\addons\plugin.onedrive\service.py"
2026-02-01 10:47:57.126 T:22976   debug <general>: CPythonInvoker(3): full python path:
2026-02-01 10:47:57.126 T:22976   debug <general>: CPythonInvoker(3):   custom python path:
2026-02-01 10:47:57.126 T:22976   debug <general>: CPythonInvoker(3):     C:\Users\windo\AppData\Roaming\Kodi\addons\plugin.onedrive
2026-02-01 10:47:57.126 T:22976   debug <general>: CPythonInvoker(3):     C:\Users\windo\AppData\Roaming\Kodi\addons\script.module.clouddrive.common\
2026-02-01 10:47:57.126 T:22976   debug <general>: CPythonInvoker(3):     C:\Users\windo\AppData\Roaming\Kodi\addons\script.module.dateutil\lib
2026-02-01 10:47:57.126 T:22976   debug <general>: CPythonInvoker(3):     C:\Users\windo\AppData\Roaming\Kodi\addons\script.module.pyqrcode\lib
2026-02-01 10:47:57.126 T:22976   debug <general>: CPythonInvoker(3):     C:\Users\windo\AppData\Roaming\Kodi\addons\script.module.six\lib
2026-02-01 10:47:57.126 T:22976   debug <general>: CPythonInvoker(3):   default python path:
2026-02-01 10:47:57.126 T:22976   debug <general>: CPythonInvoker(3):     C:\Program Files\Kodi\system\python\DLLs
2026-02-01 10:47:57.126 T:22976   debug <general>: CPythonInvoker(3):     C:\Program Files\Kodi\system\python\Lib
2026-02-01 10:47:57.126 T:22976   debug <general>: CPythonInvoker(3):     C:\Program Files\Kodi\system\python\Lib\site-packages
2026-02-01 10:47:57.126 T:22976   debug <general>: CPythonInvoker(3):     C:\Program Files\Kodi\python314.zip
2026-02-01 10:47:57.126 T:22976   debug <general>: CPythonInvoker(3):     C:\Program Files\Kodi
2026-02-01 10:47:57.126 T:22976   debug <general>: CPythonInvoker(3):     C:\Program Files\Kodi\system\python
2026-02-01 10:47:57.126 T:22976   debug <general>: CPythonInvoker(3): adding args:
2026-02-01 10:47:57.126 T:22976   debug <general>: CPythonInvoker(3):  
2026-02-01 10:47:57.126 T:22976   debug <general>: CPythonInvoker(3, C:\Users\windo\AppData\Roaming\Kodi\addons\plugin.onedrive\service.py): entering source directory C:\Users\windo\AppData\Roaming\Kodi\addons\plugin.onedrive
2026-02-01 10:47:57.126 T:31588   debug <peripheral.joystick>: Loaded device "Micro Gamepad" with 1 controller profiles and 7 total features
2026-02-01 10:47:57.127 T:42160   debug <general>: -->Python Interpreter Initialized<--
2026-02-01 10:47:57.127 T:42160   debug <general>: 
                                                   
2026-02-01 10:47:57.127 T:42160   debug <general>: CPythonInvoker(54, C:\Users\windo\AppData\Roaming\Kodi\addons\service.scrobbler.lastfm\default.py): the source file to load is "C:\Users\windo\AppData\Roaming\Kodi\addons\service.scrobbler.lastfm\default.py"
2026-02-01 10:47:57.127 T:42160   debug <general>: CPythonInvoker(54): full python path:
2026-02-01 10:47:57.127 T:42160   debug <general>: CPythonInvoker(54):   custom python path:
2026-02-01 10:47:57.127 T:42160   debug <general>: CPythonInvoker(54):     C:\Users\windo\AppData\Roaming\Kodi\addons\service.scrobbler.lastfm
2026-02-01 10:47:57.127 T:42160   debug <general>: CPythonInvoker(54):   default python path:
2026-02-01 10:47:57.127 T:42160   debug <general>: CPythonInvoker(54):     C:\Program Files\Kodi\system\python\DLLs
2026-02-01 10:47:57.127 T:42160   debug <general>: CPythonInvoker(54):     C:\Program Files\Kodi\system\python\Lib
2026-02-01 10:47:57.127 T:42160   debug <general>: CPythonInvoker(54):     C:\Program Files\Kodi\system\python\Lib\site-packages
2026-02-01 10:47:57.127 T:42160   debug <general>: CPythonInvoker(54):     C:\Program Files\Kodi\python314.zip
2026-02-01 10:47:57.127 T:42160   debug <general>: CPythonInvoker(54):     C:\Program Files\Kodi
2026-02-01 10:47:57.127 T:42160   debug <general>: CPythonInvoker(54):     C:\Program Files\Kodi\system\python
2026-02-01 10:47:57.127 T:42160   debug <general>: CPythonInvoker(54): adding args:
2026-02-01 10:47:57.127 T:42160   debug <general>: CPythonInvoker(54):  
2026-02-01 10:47:57.127 T:42160   debug <general>: CPythonInvoker(54, C:\Users\windo\AppData\Roaming\Kodi\addons\service.scrobbler.lastfm\default.py): entering source directory C:\Users\windo\AppData\Roaming\Kodi\addons\service.scrobbler.lastfm
2026-02-01 10:47:57.128 T:50960   debug <general>: CPythonInvoker(52, C:\Users\windo\AppData\Roaming\Kodi\addons\service.listenbrainz\listener.py): instantiating addon using automatically obtained id of "service.listenbrainz" dependent on version 3.0.0 of the xbmc.python api
2026-02-01 10:47:57.132 T:31468   debug <general>: -->Python Interpreter Initialized<--
2026-02-01 10:47:57.132 T:31468   debug <general>: 
                                                   
2026-02-01 10:47:57.132 T:31468   debug <general>: CPythonInvoker(44, C:\Users\windo\AppData\Roaming\Kodi\addons\service.autostop\service.py): the source file to load is "C:\Users\windo\AppData\Roaming\Kodi\addons\service.autostop\service.py"
2026-02-01 10:47:57.132 T:31468   debug <general>: CPythonInvoker(44): full python path:
2026-02-01 10:47:57.132 T:31468   debug <general>: CPythonInvoker(44):   custom python path:
2026-02-01 10:47:57.132 T:31468   debug <general>: CPythonInvoker(44):     C:\Users\windo\AppData\Roaming\Kodi\addons\service.autostop
2026-02-01 10:47:57.132 T:31468   debug <general>: CPythonInvoker(44):   default python path:
2026-02-01 10:47:57.132 T:31468   debug <general>: CPythonInvoker(44):     C:\Program Files\Kodi\system\python\DLLs
2026-02-01 10:47:57.132 T:31468   debug <general>: CPythonInvoker(44):     C:\Program Files\Kodi\system\python\Lib
2026-02-01 10:47:57.132 T:31468   debug <general>: CPythonInvoker(44):     C:\Program Files\Kodi\system\python\Lib\site-packages
2026-02-01 10:47:57.132 T:31468   debug <general>: CPythonInvoker(44):     C:\Program Files\Kodi\python314.zip
2026-02-01 10:47:57.132 T:31468   debug <general>: CPythonInvoker(44):     C:\Program Files\Kodi
2026-02-01 10:47:57.132 T:31468   debug <general>: CPythonInvoker(44):     C:\Program Files\Kodi\system\python
2026-02-01 10:47:57.132 T:31468   debug <general>: CPythonInvoker(44): adding args:
2026-02-01 10:47:57.132 T:31468   debug <general>: CPythonInvoker(44):  
2026-02-01 10:47:57.132 T:31468   debug <general>: CPythonInvoker(44, C:\Users\windo\AppData\Roaming\Kodi\addons\service.autostop\service.py): entering source directory C:\Users\windo\AppData\Roaming\Kodi\addons\service.autostop
2026-02-01 10:47:57.133 T:58708   debug <general>: -->Python Interpreter Initialized<--
2026-02-01 10:47:57.133 T:58708   debug <general>: 
                                                   
2026-02-01 10:47:57.133 T:58708   debug <general>: CPythonInvoker(57, C:\Users\windo\AppData\Roaming\Kodi\addons\service.subtitletranslator\service.py): the source file to load is "C:\Users\windo\AppData\Roaming\Kodi\addons\service.subtitletranslator\service.py"
2026-02-01 10:47:57.133 T:58708   debug <general>: CPythonInvoker(57): full python path:
2026-02-01 10:47:57.133 T:58708   debug <general>: CPythonInvoker(57):   custom python path:
2026-02-01 10:47:57.133 T:58708   debug <general>: CPythonInvoker(57):     C:\Users\windo\AppData\Roaming\Kodi\addons\script.module.certifi\lib
2026-02-01 10:47:57.133 T:58708   debug <general>: CPythonInvoker(57):     C:\Users\windo\AppData\Roaming\Kodi\addons\script.module.chardet\lib
2026-02-01 10:47:57.133 T:58708   debug <general>: CPythonInvoker(57):     C:\Users\windo\AppData\Roaming\Kodi\addons\script.module.idna\lib
2026-02-01 10:47:57.133 T:58708   debug <general>: CPythonInvoker(57):     C:\Users\windo\AppData\Roaming\Kodi\addons\script.module.requests\lib
2026-02-01 10:47:57.133 T:58708   debug <general>: CPythonInvoker(57):     C:\Users\windo\AppData\Roaming\Kodi\addons\script.module.urllib3\lib
2026-02-01 10:47:57.133 T:58708   debug <general>: CPythonInvoker(57):     C:\Users\windo\AppData\Roaming\Kodi\addons\service.subtitletranslator
2026-02-01 10:47:57.133 T:58708   debug <general>: CPythonInvoker(57):   default python path:
2026-02-01 10:47:57.133 T:58708   debug <general>: CPythonInvoker(57):     C:\Program Files\Kodi\system\python\DLLs
2026-02-01 10:47:57.133 T:58708   debug <general>: CPythonInvoker(57):     C:\Program Files\Kodi\system\python\Lib
2026-02-01 10:47:57.133 T:58708   debug <general>: CPythonInvoker(57):     C:\Program Files\Kodi\system\python\Lib\site-packages
2026-02-01 10:47:57.133 T:58708   debug <general>: CPythonInvoker(57):     C:\Program Files\Kodi\python314.zip
2026-02-01 10:47:57.133 T:58708   debug <general>: CPythonInvoker(57):     C:\Program Files\Kodi
2026-02-01 10:47:57.133 T:58708   debug <general>: CPythonInvoker(57):     C:\Program Files\Kodi\system\python
2026-02-01 10:47:57.133 T:58708   debug <general>: CPythonInvoker(57): adding args:
2026-02-01 10:47:57.133 T:58708   debug <general>: CPythonInvoker(57):  
2026-02-01 10:47:57.133 T:58708   debug <general>: CPythonInvoker(57, C:\Users\windo\AppData\Roaming\Kodi\addons\service.subtitletranslator\service.py): entering source directory C:\Users\windo\AppData\Roaming\Kodi\addons\service.subtitletranslator
2026-02-01 10:47:57.134 T:31588   debug <peripheral.joystick>: Loaded device "4-PLAY PORT.1" with 1 controller profiles and 12 total features
2026-02-01 10:47:57.134 T:42160   debug <general>: CPythonInvoker(54, C:\Users\windo\AppData\Roaming\Kodi\addons\service.scrobbler.lastfm\default.py): instantiating addon using automatically obtained id of "service.scrobbler.lastfm" dependent on version 3.0.0 of the xbmc.python api
2026-02-01 10:47:57.136 T:61224   debug <general>: -->Python Interpreter Initialized<--
2026-02-01 10:47:57.136 T:61224   debug <general>: 
                                                   
2026-02-01 10:47:57.136 T:61224   debug <general>: CPythonInvoker(42, C:\Users\windo\AppData\Roaming\Kodi\addons\script.xbmc.unpausejumpback\default.py): the source file to load is "C:\Users\windo\AppData\Roaming\Kodi\addons\script.xbmc.unpausejumpback\default.py"
2026-02-01 10:47:57.136 T:61224   debug <general>: CPythonInvoker(42): full python path:
2026-02-01 10:47:57.136 T:61224   debug <general>: CPythonInvoker(42):   custom python path:
2026-02-01 10:47:57.136 T:61224   debug <general>: CPythonInvoker(42):     C:\Users\windo\AppData\Roaming\Kodi\addons\script.module.bossanova808\resources\lib
2026-02-01 10:47:57.136 T:61224   debug <general>: CPythonInvoker(42):     C:\Users\windo\AppData\Roaming\Kodi\addons\script.xbmc.unpausejumpback
2026-02-01 10:47:57.136 T:61224   debug <general>: CPythonInvoker(42):   default python path:
2026-02-01 10:47:57.136 T:61224   debug <general>: CPythonInvoker(42):     C:\Program Files\Kodi\system\python\DLLs
2026-02-01 10:47:57.136 T:61224   debug <general>: CPythonInvoker(42):     C:\Program Files\Kodi\system\python\Lib
2026-02-01 10:47:57.136 T:61224   debug <general>: CPythonInvoker(42):     C:\Program Files\Kodi\system\python\Lib\site-packages
2026-02-01 10:47:57.136 T:61224   debug <general>: CPythonInvoker(42):     C:\Program Files\Kodi\python314.zip
2026-02-01 10:47:57.136 T:61224   debug <general>: CPythonInvoker(42):     C:\Program Files\Kodi
2026-02-01 10:47:57.136 T:61224   debug <general>: CPythonInvoker(42):     C:\Program Files\Kodi\system\python
2026-02-01 10:47:57.136 T:61224   debug <general>: CPythonInvoker(42): adding args:
2026-02-01 10:47:57.136 T:61224   debug <general>: CPythonInvoker(42):  
2026-02-01 10:47:57.136 T:61224   debug <general>: CPythonInvoker(42, C:\Users\windo\AppData\Roaming\Kodi\addons\script.xbmc.unpausejumpback\default.py): entering source directory C:\Users\windo\AppData\Roaming\Kodi\addons\script.xbmc.unpausejumpback
2026-02-01 10:47:57.137 T:22976   debug <general>: CPythonInvoker(3, C:\Users\windo\AppData\Roaming\Kodi\addons\plugin.onedrive\service.py): instantiating addon using automatically obtained id of "plugin.onedrive" dependent on version 3.0.0 of the xbmc.python api
2026-02-01 10:47:57.139 T:31468   debug <general>: CPythonInvoker(44, C:\Users\windo\AppData\Roaming\Kodi\addons\service.autostop\service.py): instantiating addon using automatically obtained id of "service.autostop" dependent on version 3.0.0 of the xbmc.python api
2026-02-01 10:47:57.141 T:31588   debug <peripheral.joystick>: Device "4 axis 16 button joystick": can't find <controller> tag
2026-02-01 10:47:57.141 T:31588   debug <peripheral.joystick>: Loaded device "4 axis 16 button joystick" with 0 controller profiles and 0 total features
2026-02-01 10:47:57.142 T:11164   debug <general>: -->Python Interpreter Initialized<--
2026-02-01 10:47:57.142 T:11164   debug <general>: 
                                                   
2026-02-01 10:47:57.142 T:11164   debug <general>: CPythonInvoker(13, C:\Users\windo\AppData\Roaming\Kodi\addons\script.audiooffsetmanager\service.py): the source file to load is "C:\Users\windo\AppData\Roaming\Kodi\addons\script.audiooffsetmanager\service.py"
2026-02-01 10:47:57.142 T:11164   debug <general>: CPythonInvoker(13): full python path:
2026-02-01 10:47:57.142 T:11164   debug <general>: CPythonInvoker(13):   custom python path:
2026-02-01 10:47:57.142 T:11164   debug <general>: CPythonInvoker(13):     C:\Users\windo\AppData\Roaming\Kodi\addons\script.audiooffsetmanager
2026-02-01 10:47:57.142 T:11164   debug <general>: CPythonInvoker(13):   default python path:
2026-02-01 10:47:57.142 T:11164   debug <general>: CPythonInvoker(13):     C:\Program Files\Kodi\system\python\DLLs
2026-02-01 10:47:57.142 T:11164   debug <general>: CPythonInvoker(13):     C:\Program Files\Kodi\system\python\Lib
2026-02-01 10:47:57.142 T:11164   debug <general>: CPythonInvoker(13):     C:\Program Files\Kodi\system\python\Lib\site-packages
2026-02-01 10:47:57.142 T:11164   debug <general>: CPythonInvoker(13):     C:\Program Files\Kodi\python314.zip
2026-02-01 10:47:57.143 T:11164   debug <general>: CPythonInvoker(13):     C:\Program Files\Kodi
2026-02-01 10:47:57.143 T:11164   debug <general>: CPythonInvoker(13):     C:\Program Files\Kodi\system\python
2026-02-01 10:47:57.143 T:11164   debug <general>: CPythonInvoker(13): adding args:
2026-02-01 10:47:57.143 T:11164   debug <general>: CPythonInvoker(13):  
2026-02-01 10:47:57.143 T:11164   debug <general>: CPythonInvoker(13, C:\Users\windo\AppData\Roaming\Kodi\addons\script.audiooffsetmanager\service.py): entering source directory C:\Users\windo\AppData\Roaming\Kodi\addons\script.audiooffsetmanager
2026-02-01 10:47:57.145 T:58708   debug <general>: CPythonInvoker(57, C:\Users\windo\AppData\Roaming\Kodi\addons\service.subtitletranslator\service.py): instantiating addon using automatically obtained id of "service.subtitletranslator" dependent on version 3.0.0 of the xbmc.python api
2026-02-01 10:47:57.149 T:31588   debug <peripheral.joystick>: Loaded device "Adaptoid" with 1 controller profiles and 15 total features
2026-02-01 10:47:57.151 T:11164   debug <general>: CPythonInvoker(13, C:\Users\windo\AppData\Roaming\Kodi\addons\script.audiooffsetmanager\service.py): instantiating addon using automatically obtained id of "script.audiooffsetmanager" dependent on version 3.0.1 of the xbmc.python api
2026-02-01 10:47:57.153 T:58168   debug <general>: -->Python Interpreter Initialized<--
2026-02-01 10:47:57.153 T:58168   debug <general>: 
                                                   
2026-02-01 10:47:57.153 T:58168   debug <general>: CPythonInvoker(45, C:\Users\windo\AppData\Roaming\Kodi\addons\service.autosubs\default.py): the source file to load is "C:\Users\windo\AppData\Roaming\Kodi\addons\service.autosubs\default.py"
2026-02-01 10:47:57.153 T:58168   debug <general>: CPythonInvoker(45): full python path:
2026-02-01 10:47:57.153 T:58168   debug <general>: CPythonInvoker(45):   custom python path:
2026-02-01 10:47:57.153 T:58168   debug <general>: CPythonInvoker(45):     C:\Users\windo\AppData\Roaming\Kodi\addons\service.autosubs
2026-02-01 10:47:57.153 T:58168   debug <general>: CPythonInvoker(45):   default python path:
2026-02-01 10:47:57.153 T:58168   debug <general>: CPythonInvoker(45):     C:\Program Files\Kodi\system\python\DLLs
2026-02-01 10:47:57.153 T:58168   debug <general>: CPythonInvoker(45):     C:\Program Files\Kodi\system\python\Lib
2026-02-01 10:47:57.153 T:58168   debug <general>: CPythonInvoker(45):     C:\Program Files\Kodi\system\python\Lib\site-packages
2026-02-01 10:47:57.153 T:58168   debug <general>: CPythonInvoker(45):     C:\Program Files\Kodi\python314.zip
2026-02-01 10:47:57.153 T:58168   debug <general>: CPythonInvoker(45):     C:\Program Files\Kodi
2026-02-01 10:47:57.153 T:58168   debug <general>: CPythonInvoker(45):     C:\Program Files\Kodi\system\python
2026-02-01 10:47:57.153 T:58168   debug <general>: CPythonInvoker(45): adding args:
2026-02-01 10:47:57.153 T:58168   debug <general>: CPythonInvoker(45):  
2026-02-01 10:47:57.153 T:58168   debug <general>: CPythonInvoker(45, C:\Users\windo\AppData\Roaming\Kodi\addons\service.autosubs\default.py): entering source directory C:\Users\windo\AppData\Roaming\Kodi\addons\service.autosubs
2026-02-01 10:47:57.153 T:61224   debug <general>: CPythonInvoker(42, C:\Users\windo\AppData\Roaming\Kodi\addons\script.xbmc.unpausejumpback\default.py): instantiating addon using automatically obtained id of "script.xbmc.unpausejumpback" dependent on version 3.0.0 of the xbmc.python api
2026-02-01 10:47:57.156 T:60672   debug <general>: -->Python Interpreter Initialized<--
2026-02-01 10:47:57.156 T:60672   debug <general>: 
                                                   
2026-02-01 10:47:57.156 T:60672   debug <general>: CPythonInvoker(9, C:\Users\windo\AppData\Roaming\Kodi\addons\plugin.video.twitch\resources\lib\service_runner.py): the source file to load is "C:\Users\windo\AppData\Roaming\Kodi\addons\plugin.video.twitch\resources\lib\service_runner.py"
2026-02-01 10:47:57.156 T:60672   debug <general>: CPythonInvoker(9): full python path:
2026-02-01 10:47:57.156 T:60672   debug <general>: CPythonInvoker(9):   custom python path:
2026-02-01 10:47:57.156 T:60672   debug <general>: CPythonInvoker(9):     C:\Users\windo\AppData\Roaming\Kodi\addons\plugin.video.twitch\resources\lib
2026-02-01 10:47:57.156 T:60672   debug <general>: CPythonInvoker(9):     C:\Users\windo\AppData\Roaming\Kodi\addons\script.module.certifi\lib
2026-02-01 10:47:57.156 T:60672   debug <general>: CPythonInvoker(9):     C:\Users\windo\AppData\Roaming\Kodi\addons\script.module.chardet\lib
2026-02-01 10:47:57.156 T:60672   debug <general>: CPythonInvoker(9):     C:\Users\windo\AppData\Roaming\Kodi\addons\script.module.idna\lib
2026-02-01 10:47:57.156 T:60672   debug <general>: CPythonInvoker(9):     C:\Users\windo\AppData\Roaming\Kodi\addons\script.module.python.twitch\resources\lib
2026-02-01 10:47:57.156 T:60672   debug <general>: CPythonInvoker(9):     C:\Users\windo\AppData\Roaming\Kodi\addons\script.module.requests\lib
2026-02-01 10:47:57.156 T:60672   debug <general>: CPythonInvoker(9):     C:\Users\windo\AppData\Roaming\Kodi\addons\script.module.six\lib
2026-02-01 10:47:57.156 T:60672   debug <general>: CPythonInvoker(9):     C:\Users\windo\AppData\Roaming\Kodi\addons\script.module.urllib3\lib
2026-02-01 10:47:57.156 T:60672   debug <general>: CPythonInvoker(9):   default python path:
2026-02-01 10:47:57.156 T:60672   debug <general>: CPythonInvoker(9):     C:\Program Files\Kodi\system\python\DLLs
2026-02-01 10:47:57.156 T:60672   debug <general>: CPythonInvoker(9):     C:\Program Files\Kodi\system\python\Lib
2026-02-01 10:47:57.156 T:60672   debug <general>: CPythonInvoker(9):     C:\Program Files\Kodi\system\python\Lib\site-packages
2026-02-01 10:47:57.156 T:60672   debug <general>: CPythonInvoker(9):     C:\Program Files\Kodi\python314.zip
2026-02-01 10:47:57.156 T:60672   debug <general>: CPythonInvoker(9):     C:\Program Files\Kodi
2026-02-01 10:47:57.156 T:60672   debug <general>: CPythonInvoker(9):     C:\Program Files\Kodi\system\python
2026-02-01 10:47:57.156 T:60672   debug <general>: CPythonInvoker(9): adding args:
2026-02-01 10:47:57.156 T:60672   debug <general>: CPythonInvoker(9):  
2026-02-01 10:47:57.156 T:60672   debug <general>: CPythonInvoker(9, C:\Users\windo\AppData\Roaming\Kodi\addons\plugin.video.twitch\resources\lib\service_runner.py): entering source directory C:\Users\windo\AppData\Roaming\Kodi\addons\plugin.video.twitch\resources\lib
2026-02-01 10:47:57.158 T:31588   debug <peripheral.joystick>: Loaded device "Bluetooth HID Port" with 1 controller profiles and 12 total features
2026-02-01 10:47:57.159 T:58804   debug <general>: -->Python Interpreter Initialized<--
2026-02-01 10:47:57.159 T:58804   debug <general>: 
                                                   
